\BOOKMARK [1][-]{section.0.1}{\376\377\0001\000.\000\040\000V\000o\000r\000w\000o\000r\000t}{}% 1
\BOOKMARK [1][-]{section*.2}{\376\377\000E\000i\000d\000e\000s\000s\000t\000a\000t\000t\000l\000i\000c\000h\000e\000\040\000E\000r\000k\000l\000\344\000r\000u\000n\000g}{}% 2
\BOOKMARK [1][-]{section*.3}{\376\377\000D\000a\000n\000k\000s\000a\000g\000u\000n\000g}{}% 3
\BOOKMARK [1][-]{section*.4}{\376\377\000K\000u\000r\000z\000e\000\040\000t\000h\000e\000m\000a\000t\000i\000s\000c\000h\000e\000\040\000E\000i\000n\000f\000\374\000h\000r\000u\000n\000g\000\040\000i\000n\000\040\000d\000a\000s\000\040\000T\000h\000e\000m\000a}{}% 4
\BOOKMARK [0][-]{chapter.1}{\376\377\000K\000a\000p\000i\000t\000e\000l\000\040\0001\000.\000\040\000E\000i\000n\000f\000\374\000h\000r\000u\000n\000g}{}% 5
\BOOKMARK [1][-]{section.1.1}{\376\377\0001\000.\000\040\000M\000o\000t\000i\000v\000a\000t\000i\000o\000n}{chapter.1}% 6
\BOOKMARK [1][-]{section.1.2}{\376\377\0002\000.\000\040\000M\000a\000t\000h\000e\000m\000a\000t\000i\000s\000c\000h\000e\000\040\000G\000r\000u\000n\000d\000l\000a\000g\000e\000n\000\040\000u\000n\000d\000\040\000N\000o\000t\000a\000t\000i\000o\000n}{chapter.1}% 7
\BOOKMARK [0][-]{chapter.2}{\376\377\000K\000a\000p\000i\000t\000e\000l\000\040\0002\000.\000\040\000E\000l\000l\000i\000p\000t\000i\000s\000c\000h\000e\000\040\000K\000u\000r\000v\000e\000n}{}% 8
\BOOKMARK [1][-]{section.2.1}{\376\377\0001\000.\000\040\000G\000r\000u\000n\000d\000l\000a\000g\000e\000n}{chapter.2}% 9
\BOOKMARK [1][-]{section.2.2}{\376\377\0002\000.\000\040\000G\000r\000u\000p\000p\000e\000n\000s\000t\000r\000u\000k\000t\000u\000r}{chapter.2}% 10
\BOOKMARK [1][-]{section.2.3}{\376\377\0003\000.\000\040\000P\000r\000o\000j\000e\000k\000t\000i\000v\000e\000r\000\040\000R\000a\000u\000m\000\040\000u\000n\000d\000\040\000d\000e\000r\000\040\000P\000u\000n\000k\000t\000\040\000b\000e\000i\000\040\000U\000n\000e\000n\000d\000l\000i\000c\000h}{chapter.2}% 11
\BOOKMARK [1][-]{section.2.4}{\376\377\0004\000.\000\040\000B\000e\000w\000e\000i\000s\000\040\000d\000e\000r\000\040\000A\000s\000s\000o\000z\000i\000a\000t\000i\000v\000i\000t\000i\000t\000\344\000t}{chapter.2}% 12
\BOOKMARK [1][-]{section.2.5}{\376\377\0005\000.\000\040\000E\000l\000l\000i\000p\000t\000i\000s\000c\000h\000e\000\040\000K\000u\000r\000v\000e\000n\000\040\000i\000n\000\040\000C\000h\000a\000r\000a\000k\000t\000e\000r\000i\000s\000t\000i\000k\000\040\0002}{chapter.2}% 13
\BOOKMARK [0][-]{chapter.3}{\376\377\000K\000a\000p\000i\000t\000e\000l\000\040\0003\000.\000\040\000E\000l\000l\000i\000p\000t\000i\000s\000c\000h\000e\000\040\000K\000u\000r\000v\000e\000n\000\040\000\374\000b\000e\000r\000\040\000e\000n\000d\000l\000i\000c\000h\000e\000n\000\040\000K\000\366\000r\000p\000e\000r\000n}{}% 14
\BOOKMARK [1][-]{section.3.1}{\376\377\0001\000.\000\040\000M\000o\000t\000i\000v\000a\000t\000i\000o\000n}{chapter.3}% 15
\BOOKMARK [1][-]{section.3.2}{\376\377\0002\000.\000\040\000E\000n\000d\000l\000i\000c\000h\000e\000\040\000K\000\366\000r\000p\000e\000r}{chapter.3}% 16
\BOOKMARK [1][-]{section.3.3}{\376\377\0003\000.\000\040\000D\000i\000e\000\040\000P\000u\000n\000k\000t\000m\000e\000n\000g\000e\000\040\000E\000\050\000F\000q\000\051}{chapter.3}% 17
\BOOKMARK [1][-]{section.3.4}{\376\377\0004\000.\000\040\000G\000r\000u\000p\000p\000e\000n\000s\000t\000r\000u\000k\000t\000u\000r\000\040\000v\000o\000n\000\040\000E\000\050\000F\000q\000\051}{chapter.3}% 18
\BOOKMARK [1][-]{section.3.5}{\376\377\0005\000.\000\040\000P\000u\000n\000k\000t\000z\000\344\000h\000l\000u\000n\000g}{chapter.3}% 19
\BOOKMARK [0][-]{chapter.4}{\376\377\000K\000a\000p\000i\000t\000e\000l\000\040\0004\000.\000\040\000D\000a\000s\000\040\000d\000i\000s\000k\000r\000e\000t\000e\000\040\000L\000o\000g\000a\000r\000i\000t\000h\000m\000u\000s\000p\000r\000o\000b\000l\000e\000m\000\040\000a\000u\000f\000\040\000e\000l\000l\000i\000p\000t\000i\000s\000c\000h\000e\000n\000\040\000K\000u\000r\000v\000e\000n}{}% 20
\BOOKMARK [0][-]{chapter.5}{\376\377\000K\000a\000p\000i\000t\000e\000l\000\040\0005\000.\000\040\000E\000l\000l\000i\000p\000t\000i\000s\000c\000h\000e\000\040\000K\000u\000r\000v\000e\000n\000\040\000K\000r\000y\000p\000t\000o\000g\000r\000a\000p\000h\000i\000e}{}% 21
\BOOKMARK [1][-]{section.5.1}{\376\377\0001\000.\000\040\000W\000a\000r\000u\000m\000\040\000e\000l\000i\000p\000t\000i\000s\000c\000h\000e\000\040\000K\000u\000r\000v\000e\000n\000\040\000v\000e\000r\000w\000e\000n\000d\000e\000n\000?}{chapter.5}% 22
\BOOKMARK [1][-]{section.5.2}{\376\377\0002\000.\000\040\000D\000i\000f\000f\000i\000e\000-\000H\000e\000l\000l\000m\000a\000n}{chapter.5}% 23
\BOOKMARK [1][-]{section.5.3}{\376\377\0003\000.\000\040\000S\000i\000c\000h\000e\000r\000h\000e\000i\000t\000b\000e\000t\000r\000a\000c\000h\000t\000u\000n\000g}{chapter.5}% 24
\BOOKMARK [0][-]{chapter.6}{\376\377\000K\000a\000p\000i\000t\000e\000l\000\040\0006\000.\000\040\000I\000m\000p\000l\000e\000m\000e\000n\000t\000i\000e\000r\000u\000n\000g}{}% 25
\BOOKMARK [1][-]{section.6.1}{\376\377\0001\000.\000\040\000D\000e\000s\000i\000g\000n}{chapter.6}% 26
\BOOKMARK [1][-]{section.6.2}{\376\377\0002\000.\000\040\000P\000u\000n\000k\000t\000a\000d\000d\000i\000t\000i\000o\000n}{chapter.6}% 27
\BOOKMARK [1][-]{section.6.3}{\376\377\0003\000.\000\040\000S\000k\000a\000l\000a\000r\000m\000u\000l\000t\000i\000p\000l\000i\000k\000a\000t\000i\000o\000n}{chapter.6}% 28
\BOOKMARK [1][-]{section.6.4}{\376\377\0004\000.\000\040\000I\000m\000p\000l\000e\000m\000e\000n\000e\000i\000t\000e\000r\000u\000n\000\040\000v\000o\000n\000\040\000E\000C\000D\000H}{chapter.6}% 29
\BOOKMARK [0][-]{chapter.7}{\376\377\000K\000a\000p\000i\000t\000e\000l\000\040\0007\000.\000\040\000V\000e\000r\000l\000g\000e\000i\000c\000h\000\040\000z\000u\000\040\000k\000l\000a\000s\000s\000i\000c\000h\000e\000m\000\040\000D\000i\000f\000f\000i\000e\000-\000H\000e\000l\000l\000m\000a\000n}{}% 30
\BOOKMARK [0][-]{chapter.8}{\376\377\000K\000a\000p\000i\000t\000e\000l\000\040\0008\000.\000\040\000Q\000u\000a\000n\000t\000e\000n\000c\000o\000m\000p\000u\000t\000e\000r}{}% 31
\BOOKMARK [0][-]{chapter*.14}{\376\377\000L\000i\000t\000e\000r\000a\000t\000u\000r}{}% 32
